Git merge conflict 
******************


A merge conflict happens in Git when two branches have competing changes to the same part of a file, and Git can’t decide which change to keep.

💥 When Does a Merge Conflict Occur?

1. You try to merge two branches where the same lines in a file were changed.

2. Git can't auto-merge and asks for manual resolution




---------------------------------------------------------------------------------------------------------------------------


1. firstly add some data in the git hub repository in a file  (f2)

2. secondly  in local system also add some data in the same file  (f2)

	$ git add f2

	$ git commit -m "conflict"

	$ git push origin main ---> after doing this you will get the message like rejected 

	$ git pull --> this command ables to show the (main|merging)

		This show the both data of git hub and local system after this
 
	$ vi f2 --> make the final changes

	$ git add f2
	
	$ git commit -m "merging" ----> here we can see only (main) 

	$ git push origin main --->sends to the git hub 


---------------------------------------------------------------------------------------------------------

merge conflict procedure
************************

sruja@Srujan21 MINGW64 ~/OneDrive/Desktop/git-practice (main)
$ ls
README.md  d1  f1  f2  f3  f4  h1  h2  s1  s2  s3


sruja@Srujan21 MINGW64 ~/OneDrive/Desktop/git-practice (main)
$ cat f2

sruja@Srujan21 MINGW64 ~/OneDrive/Desktop/git-practice (main)
$ vi f2

sruja@Srujan21 MINGW64 ~/OneDrive/Desktop/git-practice (main)
$ cat f2
anvesh
sathish
goutham

sruja@Srujan21 MINGW64 ~/OneDrive/Desktop/git-practice (main)
$ git add f2
warning: in the working copy of 'f2', LF will be replaced by CRLF the next time Git touches it



sruja@Srujan21 MINGW64 ~/OneDrive/Desktop/git-practice (main)
$ git commit -m "conflict"
[main c2e07d4] conflict
 1 file changed, 3 insertions(+)

sruja@Srujan21 MINGW64 ~/OneDrive/Desktop/git-practice (main)
$ git push origin main
To https://github.com/Srujan2102/git-practice.git
 ! [rejected]        main -> main (fetch first)
error: failed to push some refs to 'https://github.com/Srujan2102/git-practice.git'
hint: Updates were rejected because the remote contains work that you do not
hint: have locally. This is usually caused by another repository pushing to
hint: the same ref. If you want to integrate the remote changes, use
hint: 'git pull' before pushing again.
hint: See the 'Note about fast-forwards' in 'git push --help' for details.

sruja@Srujan21 MINGW64 ~/OneDrive/Desktop/git-practice (main)
$ git pull
remote: Enumerating objects: 5, done.
remote: Counting objects: 100% (5/5), done.
remote: Compressing objects: 100% (2/2), done.
remote: Total 3 (delta 1), reused 0 (delta 0), pack-reused 0 (from 0)
Unpacking objects: 100% (3/3), 905 bytes | 69.00 KiB/s, done.
From https://github.com/Srujan2102/git-practice
   e4fe01e..4d82ee2  main       -> origin/main
Auto-merging f2
CONFLICT (content): Merge conflict in f2
Automatic merge failed; fix conflicts and then commit the result.

sruja@Srujan21 MINGW64 ~/OneDrive/Desktop/git-practice (main|MERGING)
$ cat f2
<<<<<<< HEAD
anvesh
sathish
goutham
=======
sujan
abhinay
>>>>>>> 4d82ee209cf58a5bb60e6b394a0dc80a40b586dc

sruja@Srujan21 MINGW64 ~/OneDrive/Desktop/git-practice (main|MERGING)
$ vi f2

sruja@Srujan21 MINGW64 ~/OneDrive/Desktop/git-practice (main|MERGING)
$ git add f2
warning: in the working copy of 'f2', LF will be replaced by CRLF the next time Git touches it

sruja@Srujan21 MINGW64 ~/OneDrive/Desktop/git-practice (main|MERGING)
$ git commit -m "merging"
[main 339691b] merging

sruja@Srujan21 MINGW64 ~/OneDrive/Desktop/git-practice (main)
$ git push origin main
Enumerating objects: 10, done.
Counting objects: 100% (10/10), done.
Delta compression using up to 12 threads
Compressing objects: 100% (4/4), done.
Writing objects: 100% (6/6), 556 bytes | 139.00 KiB/s, done.
Total 6 (delta 2), reused 0 (delta 0), pack-reused 0 (from 0)
remote: Resolving deltas: 100% (2/2), completed with 1 local object.
To https://github.com/Srujan2102/git-practice.git
   4d82ee2..339691b  main -> main

sruja@Srujan21 MINGW64 ~/OneDrive/Desktop/git-practice (main)
$ cat f2
anvesh
sathish
goutham
sujan
abhinay

